73.60.100.51 - - [25/Apr/2019:21:07:56 -0400] "GET /misc/states.js?v=7.66 HTTP/1.1" 200 17504 "https://connections.perkins.org/students/savannah-curran/exploring-circle-time-today" "Mozilla/5.0 (iPhone; CPU iPhone OS 12_2 like Mac OS X) AppleWebKit/605.1.15 (KHTML, like Gecko) Version/12.1 Mobile/15E148 Safari/604.1"
73.60.100.51 - - [25/Apr/2019:21:07:56 -0400] "GET /misc/ajax.js?v=7.66 HTTP/1.1" 200 25035 "https://connections.perkins.org/students/savannah-curran/exploring-circle-time-today" "Mozilla/5.0 (iPhone; CPU iPhone OS 12_2 like Mac OS X) AppleWebKit/605.1.15 (KHTML, like Gecko) Version/12.1 Mobile/15E148 Safari/604.1"
73.60.100.51 - - [25/Apr/2019:21:07:56 -0400] "GET /sites/all/modules/contrib/views/js/base.js?pq84ff HTTP/1.1" 200 3423 "https://connections.perkins.org/students/savannah-curran/exploring-circle-time-today" "Mozilla/5.0 (iPhone; CPU iPhone OS 12_2 like Mac OS X) AppleWebKit/605.1.15 (KHTML, like Gecko) Version/12.1 Mobile/15E148 Safari/604.1"
73.60.100.51 - - [25/Apr/2019:21:07:56 -0400] "GET /misc/progress.js?v=7.66 HTTP/1.1" 200 3112 "https://connections.perkins.org/students/savannah-curran/exploring-circle-time-today" "Mozilla/5.0 (iPhone; CPU iPhone OS 12_2 like Mac OS X) AppleWebKit/605.1.15 (KHTML, like Gecko) Version/12.1 Mobile/15E148 Safari/604.1"
73.60.100.51 - - [25/Apr/2019:21:07:56 -0400] "GET /sites/all/modules/contrib/views/js/ajax_view.js?pq84ff HTTP/1.1" 200 5672 "https://connections.perkins.org/students/savannah-curran/exploring-circle-time-today" "Mozilla/5.0 (iPhone; CPU iPhone OS 12_2 like Mac OS X) AppleWebKit/605.1.15 (KHTML, like Gecko) Version/12.1 Mobile/15E148 Safari/604.1"
73.60.100.51 - - [25/Apr/2019:21:07:56 -0400] "GET /sites/all/modules/contrib/flag/theme/flag.js?pq84ff HTTP/1.1" 200 8478 "https://connections.perkins.org/students/savannah-curran/exploring-circle-time-today" "Mozilla/5.0 (iPhone; CPU iPhone OS 12_2 like Mac OS X) AppleWebKit/605.1.15 (KHTML, like Gecko) Version/12.1 Mobile/15E148 Safari/604.1"
73.60.100.51 - - [25/Apr/2019:21:07:56 -0400] "GET /misc/textarea.js?v=7.66 HTTP/1.1" 200 920 "https://connections.perkins.org/students/savannah-curran/exploring-circle-time-today" "Mozilla/5.0 (iPhone; CPU iPhone OS 12_2 like Mac OS X) AppleWebKit/605.1.15 (KHTML, like Gecko) Version/12.1 Mobile/15E148 Safari/604.1"
73.60.100.51 - - [25/Apr/2019:21:07:56 -0400] "GET /sites/all/themes/custom/perkins/perkins_images/logout_x.png HTTP/1.1" 200 3301 "https://connections.perkins.org/students/savannah-curran/exploring-circle-time-today" "Mozilla/5.0 (iPhone; CPU iPhone OS 12_2 like Mac OS X) AppleWebKit/605.1.15 (KHTML, like Gecko) Version/12.1 Mobile/15E148 Safari/604.1"
73.60.100.51 - - [25/Apr/2019:21:07:56 -0400] "GET /sites/all/themes/custom/perkins/perkins_images/mobile_menu.png HTTP/1.1" 200 1017 "https://connections.perkins.org/students/savannah-curran/exploring-circle-time-today" "Mozilla/5.0 (iPhone; CPU iPhone OS 12_2 like Mac OS X) AppleWebKit/605.1.15 (KHTML, like Gecko) Version/12.1 Mobile/15E148 Safari/604.1"
73.60.100.51 - - [25/Apr/2019:21:07:56 -0400] "GET /sites/all/themes/custom/perkins/perkins_images/who_to_call.png HTTP/1.1" 200 1387 "https://connections.perkins.org/students/savannah-curran/exploring-circle-time-today" "Mozilla/5.0 (iPhone; CPU iPhone OS 12_2 like Mac OS X) AppleWebKit/605.1.15 (KHTML, like Gecko) Version/12.1 Mobile/15E148 Safari/604.1"
73.60.100.51 - - [25/Apr/2019:21:07:57 -0400] "GET /sites/all/themes/custom/perkins/perkins_images/how_do_i.png HTTP/1.1" 200 1359 "https://connections.perkins.org/students/savannah-curran/exploring-circle-time-today" "Mozilla/5.0 (iPhone; CPU iPhone OS 12_2 like Mac OS X) AppleWebKit/605.1.15 (KHTML, like Gecko) Version/12.1 Mobile/15E148 Safari/604.1"
73.60.100.51 - - [25/Apr/2019:21:07:57 -0400] "GET /sites/all/themes/custom/perkins/css/fonts/open-sans/web-fonts/opensans_regular_macroman/OpenSans-Regular-webfont.woff HTTP/1.1" 200 22660 "https://connections.perkins.org/students/savannah-curran/exploring-circle-time-today" "Mozilla/5.0 (iPhone; CPU iPhone OS 12_2 like Mac OS X) AppleWebKit/605.1.15 (KHTML, like Gecko) Version/12.1 Mobile/15E148 Safari/604.1"
73.60.100.51 - - [25/Apr/2019:21:07:57 -0400] "GET /sites/all/themes/custom/perkins/css/fonts/open-sans/web-fonts/opensans_light_macroman/OpenSans-Light-webfont.woff HTTP/1.1" 200 22248 "https://connections.perkins.org/students/savannah-curran/exploring-circle-time-today" "Mozilla/5.0 (iPhone; CPU iPhone OS 12_2 like Mac OS X) AppleWebKit/605.1.15 (KHTML, like Gecko) Version/12.1 Mobile/15E148 Safari/604.1"
73.60.100.51 - - [25/Apr/2019:21:07:57 -0400] "GET /sites/default/files/styles/large/public/images/twitter.png?itok=n5DvYDxn HTTP/1.1" 200 654 "https://connections.perkins.org/students/savannah-curran/exploring-circle-time-today" "Mozilla/5.0 (iPhone; CPU iPhone OS 12_2 like Mac OS X) AppleWebKit/605.1.15 (KHTML, like Gecko) Version/12.1 Mobile/15E148 Safari/604.1"
73.60.100.51 - - [25/Apr/2019:21:07:57 -0400] "GET /sites/default/files/styles/large/public/images/facebook.png?itok=9iD7V2zC HTTP/1.1" 200 764 "https://connections.perkins.org/students/savannah-curran/exploring-circle-time-today" "Mozilla/5.0 (iPhone; CPU iPhone OS 12_2 like Mac OS X) AppleWebKit/605.1.15 (KHTML, like Gecko) Version/12.1 Mobile/15E148 Safari/604.1"
73.60.100.51 - - [25/Apr/2019:21:07:57 -0400] "GET /sites/default/files/styles/large/public/images/youtube.png?itok=0lhAS0SS HTTP/1.1" 200 860 "https://connections.perkins.org/students/savannah-curran/exploring-circle-time-today" "Mozilla/5.0 (iPhone; CPU iPhone OS 12_2 like Mac OS X) AppleWebKit/605.1.15 (KHTML, like Gecko) Version/12.1 Mobile/15E148 Safari/604.1"
73.60.100.51 - - [25/Apr/2019:21:07:57 -0400] "GET /system/files/u4734/perkins-logo-intranet.png HTTP/1.1" 200 9224 "https://connections.perkins.org/students/savannah-curran/exploring-circle-time-today" "Mozilla/5.0 (iPhone; CPU iPhone OS 12_2 like Mac OS X) AppleWebKit/605.1.15 (KHTML, like Gecko) Version/12.1 Mobile/15E148 Safari/604.1"
73.60.100.51 - - [25/Apr/2019:21:07:57 -0400] "GET /sites/default/files/styles/large/public/images/pinterest_1.png?itok=iGFZM-5S HTTP/1.1" 200 827 "https://connections.perkins.org/students/savannah-curran/exploring-circle-time-today" "Mozilla/5.0 (iPhone; CPU iPhone OS 12_2 like Mac OS X) AppleWebKit/605.1.15 (KHTML, like Gecko) Version/12.1 Mobile/15E148 Safari/604.1"
73.60.100.51 - - [25/Apr/2019:21:07:57 -0400] "GET /system/files/styles/large/private/0425190948b.jpg?itok=0XwMawqa HTTP/1.1" 200 170965 "https://connections.perkins.org/students/savannah-curran/exploring-circle-time-today" "Mozilla/5.0 (iPhone; CPU iPhone OS 12_2 like Mac OS X) AppleWebKit/605.1.15 (KHTML, like Gecko) Version/12.1 Mobile/15E148 Safari/604.1"
73.60.100.51 - - [25/Apr/2019:21:07:57 -0400] "GET /sites/default/files/styles/large/public/images/linkedin-icon.png HTTP/1.1" 200 1080 "https://connections.perkins.org/students/savannah-curran/exploring-circle-time-today" "Mozilla/5.0 (iPhone; CPU iPhone OS 12_2 like Mac OS X) AppleWebKit/605.1.15 (KHTML, like Gecko) Version/12.1 Mobile/15E148 Safari/604.1"
73.60.100.51 - - [25/Apr/2019:21:07:57 -0400] "GET /misc/grippie.png HTTP/1.1" 200 106 "https://connections.perkins.org/students/savannah-curran/exploring-circle-time-today" "Mozilla/5.0 (iPhone; CPU iPhone OS 12_2 like Mac OS X) AppleWebKit/605.1.15 (KHTML, like Gecko) Version/12.1 Mobile/15E148 Safari/604.1"
73.60.100.51 - - [25/Apr/2019:21:07:58 -0400] "GET /sites/default/files/google_translate_icon.png HTTP/1.1" 200 51950 "https://connections.perkins.org/students/savannah-curran/exploring-circle-time-today" "Mozilla/5.0 (iPhone; CPU iPhone OS 12_2 like Mac OS X) AppleWebKit/605.1.15 (KHTML, like Gecko) Version/12.1 Mobile/15E148 Safari/604.1"
73.60.100.51 - - [25/Apr/2019:21:07:57 -0400] "GET /system/files/u4734/instagram.png HTTP/1.1" 200 3348 "https://connections.perkins.org/students/savannah-curran/exploring-circle-time-today" "Mozilla/5.0 (iPhone; CPU iPhone OS 12_2 like Mac OS X) AppleWebKit/605.1.15 (KHTML, like Gecko) Version/12.1 Mobile/15E148 Safari/604.1"
73.60.100.51 - - [25/Apr/2019:21:08:27 -0400] "GET /sites/all/modules/contrib/flag/theme/flag-throbber.gif HTTP/1.1" 200 2196 "https://connections.perkins.org/students/savannah-curran/exploring-circle-time-today" "Mozilla/5.0 (iPhone; CPU iPhone OS 12_2 like Mac OS X) AppleWebKit/605.1.15 (KHTML, like Gecko) Version/12.1 Mobile/15E148 Safari/604.1"
73.60.100.51 - - [25/Apr/2019:21:08:27 -0400] "POST /flag/flag/like_button/13886?destination=node/13886&token=fEPbMG6YPqUy09EahFpJTzZloDDTggAaJX2oy_jGdHU HTTP/1.1" 200 821 "https://connections.perkins.org/students/savannah-curran/exploring-circle-time-today" "Mozilla/5.0 (iPhone; CPU iPhone OS 12_2 like Mac OS X) AppleWebKit/605.1.15 (KHTML, like Gecko) Version/12.1 Mobile/15E148 Safari/604.1"
73.60.100.51 - - [25/Apr/2019:21:09:20 -0400] "POST /comment/reply/13886 HTTP/1.1" 302 - "https://connections.perkins.org/students/savannah-curran/exploring-circle-time-today" "Mozilla/5.0 (iPhone; CPU iPhone OS 12_2 like Mac OS X) AppleWebKit/605.1.15 (KHTML, like Gecko) Version/12.1 Mobile/15E148 Safari/604.1"
73.60.100.51 - - [25/Apr/2019:21:09:23 -0400] "GET /students/savannah-curran/exploring-circle-time-today HTTP/1.1" 200 9081 "https://connections.perkins.org/students/savannah-curran/exploring-circle-time-today" "Mozilla/5.0 (iPhone; CPU iPhone OS 12_2 like Mac OS X) AppleWebKit/605.1.15 (KHTML, like Gecko) Version/12.1 Mobile/15E148 Safari/604.1"
73.60.100.51 - - [25/Apr/2019:21:09:27 -0400] "GET /system/files/u4734/instagram.png HTTP/1.1" 200 3348 "https://connections.perkins.org/students/savannah-curran/exploring-circle-time-today" "Mozilla/5.0 (iPhone; CPU iPhone OS 12_2 like Mac OS X) AppleWebKit/605.1.15 (KHTML, like Gecko) Version/12.1 Mobile/15E148 Safari/604.1"
73.60.100.51 - - [25/Apr/2019:21:09:27 -0400] "GET /system/files/u4734/perkins-logo-intranet.png HTTP/1.1" 200 9224 "https://connections.perkins.org/students/savannah-curran/exploring-circle-time-today" "Mozilla/5.0 (iPhone; CPU iPhone OS 12_2 like Mac OS X) AppleWebKit/605.1.15 (KHTML, like Gecko) Version/12.1 Mobile/15E148 Safari/604.1"
73.60.100.51 - - [25/Apr/2019:21:09:27 -0400] "GET /system/files/styles/large/private/0425190948b.jpg?itok=0XwMawqa HTTP/1.1" 200 170965 "https://connections.perkins.org/students/savannah-curran/exploring-circle-time-today" "Mozilla/5.0 (iPhone; CPU iPhone OS 12_2 like Mac OS X) AppleWebKit/605.1.15 (KHTML, like Gecko) Version/12.1 Mobile/15E148 Safari/604.1"
209.126.120.29 - - [25/Apr/2019:21:09:34 -0400] "GET / HTTP/1.1" 200 5239 "-" "Pingdom.com_bot_version_1.4_(http://www.pingdom.com/)"
127.0.0.1 - - [25/Apr/2019:21:10:01 -0400] "GET /cron.php?cron_key=8sk-AAvbKT49goSq1EJwwgDA5Vnxas-xnpB1cM1HFM4 HTTP/1.1" 200 - "-" "Wget/1.14 (linux-gnu)"
45.76.3.112 - - [25/Apr/2019:21:10:44 -0400] "GET / HTTP/1.1" 200 5242 "-" "Mozilla/5.0 (Windows NT 6.2; WOW64) AppleWebKit/537.4 (KHTML, like Gecko) Chrome/98 Safari/537.4 (StatusCake)"
209.58.139.194 - - [25/Apr/2019:21:14:34 -0400] "GET / HTTP/1.1" 200 5240 "-" "Pingdom.com_bot_version_1.4_(http://www.pingdom.com/)"
127.0.0.1 - - [25/Apr/2019:21:15:01 -0400] "GET /cron.php?cron_key=8sk-AAvbKT49goSq1EJwwgDA5Vnxas-xnpB1cM1HFM4 HTTP/1.1" 200 - "-" "Wget/1.14 (linux-gnu)"
45.76.3.112 - - [25/Apr/2019:21:15:53 -0400] "GET / HTTP/1.1" 200 5243 "-" "Mozilla/5.0 (Windows NT 6.2; WOW64) AppleWebKit/537.4 (KHTML, like Gecko) Chrome/98 Safari/537.4 (StatusCake)"
64.237.55.3 - - [25/Apr/2019:21:20:09 -0400] "GET / HTTP/1.1" 500 - "-" "Pingdom.com_bot_version_1.4_(http://www.pingdom.com/)"
64.237.55.3 - - [25/Apr/2019:21:20:46 -0400] "GET / HTTP/1.0" 500 - "-" "Pingdom.com_bot_version_1.4_(http://www.pingdom.com/)"
185.70.76.23 - - [25/Apr/2019:21:20:46 -0400] "GET / HTTP/1.0" 500 - "-" "Pingdom.com_bot_version_1.4_(http://www.pingdom.com/)"
127.0.0.1 - - [25/Apr/2019:21:21:28 -0400] "GET /cron.php?cron_key=8sk-AAvbKT49goSq1EJwwgDA5Vnxas-xnpB1cM1HFM4 HTTP/1.1" 500 4604 "-" "Wget/1.14 (linux-gnu)"
45.32.195.186 - - [25/Apr/2019:21:21:13 -0400] "GET / HTTP/1.1" 500 4604 "-" "Mozilla/5.0 (Windows NT 6.2; WOW64) AppleWebKit/537.4 (KHTML, like Gecko) Chrome/98 Safari/537.4 (StatusCake)"
185.70.76.23 - - [25/Apr/2019:21:19:35 -0400] "GET / HTTP/1.1" 500 - "-" "Pingdom.com_bot_version_1.4_(http://www.pingdom.com/)"
23.111.159.174 - - [25/Apr/2019:21:24:39 -0400] "GET / HTTP/1.1" 500 3952 "-" "Pingdom.com_bot_version_1.4_(http://www.pingdom.com/)"
45.32.139.194 - - [25/Apr/2019:21:26:09 -0400] "GET / HTTP/1.1" 500 3952 "-" "Mozilla/5.0 (Windows NT 6.2; WOW64) AppleWebKit/537.4 (KHTML, like Gecko) Chrome/98 Safari/537.4 (StatusCake)"
45.32.195.186 - - [25/Apr/2019:21:26:08 -0400] "GET / HTTP/1.1" 500 3952 "-" "Mozilla/5.0 (Windows NT 6.2; WOW64) AppleWebKit/537.4 (KHTML, like Gecko) Chrome/98 Safari/537.4 (StatusCake)"
127.0.0.1 - - [25/Apr/2019:21:25:56 -0400] "GET /cron.php?cron_key=8sk-AAvbKT49goSq1EJwwgDA5Vnxas-xnpB1cM1HFM4 HTTP/1.1" 500 3952 "-" "Wget/1.14 (linux-gnu)"
45.32.195.186 - - [25/Apr/2019:21:26:14 -0400] "GET / HTTP/1.1" 500 3952 "-" "Mozilla/5.0 (Windows NT 6.2; WOW64) AppleWebKit/537.4 (KHTML, like Gecko) Chrome/98 Safari/537.4 (StatusCake)"
45.32.195.186 - - [25/Apr/2019:21:27:05 -0400] "GET / HTTP/1.1" 500 3952 "-" "Mozilla/5.0 (Windows NT 6.2; WOW64) AppleWebKit/537.4 (KHTML, like Gecko) Chrome/98 Safari/537.4 (StatusCake)"
45.76.3.112 - - [25/Apr/2019:21:27:09 -0400] "GET / HTTP/1.1" 500 3952 "-" "Mozilla/5.0 (Windows NT 6.2; WOW64) AppleWebKit/537.4 (KHTML, like Gecko) Chrome/98 Safari/537.4 (StatusCake)"
45.76.3.112 - - [25/Apr/2019:21:27:11 -0400] "GET / HTTP/1.1" 500 3952 "-" "Mozilla/5.0 (Windows NT 6.2; WOW64) AppleWebKit/537.4 (KHTML, like Gecko) Chrome/98 Safari/537.4 (StatusCake)"
45.32.139.194 - - [25/Apr/2019:21:27:20 -0400] "GET / HTTP/1.1" 500 3952 "-" "Mozilla/5.0 (Windows NT 6.2; WOW64) AppleWebKit/537.4 (KHTML, like Gecko) Chrome/98 Safari/537.4 (StatusCake)"
45.32.139.194 - - [25/Apr/2019:21:27:26 -0400] "GET / HTTP/1.1" 500 3952 "-" "Mozilla/5.0 (Windows NT 6.2; WOW64) AppleWebKit/537.4 (KHTML, like Gecko) Chrome/98 Safari/537.4 (StatusCake)"
45.32.195.186 - - [25/Apr/2019:21:27:30 -0400] "GET / HTTP/1.1" 500 3952 "-" "Mozilla/5.0 (Windows NT 6.2; WOW64) AppleWebKit/537.4 (KHTML, like Gecko) Chrome/98 Safari/537.4 (StatusCake)"
66.165.229.130 - - [25/Apr/2019:21:29:34 -0400] "GET / HTTP/1.1" 200 5242 "-" "Pingdom.com_bot_version_1.4_(http://www.pingdom.com/)"
127.0.0.1 - - [25/Apr/2019:21:30:02 -0400] "GET /cron.php?cron_key=8sk-AAvbKT49goSq1EJwwgDA5Vnxas-xnpB1cM1HFM4 HTTP/1.1" 200 - "-" "Wget/1.14 (linux-gnu)"
45.76.3.112 - - [25/Apr/2019:21:31:34 -0400] "GET / HTTP/1.1" 200 5241 "-" "Mozilla/5.0 (Windows NT 6.2; WOW64) AppleWebKit/537.4 (KHTML, like Gecko) Chrome/98 Safari/537.4 (StatusCake)"
45.76.3.112 - - [25/Apr/2019:21:31:40 -0400] "GET / HTTP/1.1" 200 5239 "-" "Mozilla/5.0 (Windows NT 6.2; WOW64) AppleWebKit/537.4 (KHTML, like Gecko) Chrome/98 Safari/537.4 (StatusCake)"
104.129.30.18 - - [25/Apr/2019:21:34:34 -0400] "GET / HTTP/1.1" 200 5240 "-" "Pingdom.com_bot_version_1.4_(http://www.pingdom.com/)"
127.0.0.1 - - [25/Apr/2019:21:35:01 -0400] "GET /cron.php?cron_key=8sk-AAvbKT49goSq1EJwwgDA5Vnxas-xnpB1cM1HFM4 HTTP/1.1" 200 - "-" "Wget/1.14 (linux-gnu)"
45.76.3.112 - - [25/Apr/2019:21:36:45 -0400] "GET / HTTP/1.1" 200 5237 "-" "Mozilla/5.0 (Windows NT 6.2; WOW64) AppleWebKit/537.4 (KHTML, like Gecko) Chrome/98 Safari/537.4 (StatusCake)"
94.75.211.74 - - [25/Apr/2019:21:39:34 -0400] "GET / HTTP/1.1" 200 5240 "-" "Pingdom.com_bot_version_1.4_(http://www.pingdom.com/)"
127.0.0.1 - - [25/Apr/2019:21:40:01 -0400] "GET /cron.php?cron_key=8sk-AAvbKT49goSq1EJwwgDA5Vnxas-xnpB1cM1HFM4 HTTP/1.1" 200 - "-" "Wget/1.14 (linux-gnu)"
45.32.195.186 - - [25/Apr/2019:21:41:51 -0400] "GET / HTTP/1.1" 200 5243 "-" "Mozilla/5.0 (Windows NT 6.2; WOW64) AppleWebKit/537.4 (KHTML, like Gecko) Chrome/98 Safari/537.4 (StatusCake)"
184.75.208.210 - - [25/Apr/2019:21:44:34 -0400] "GET / HTTP/1.1" 200 5241 "-" "Pingdom.com_bot_version_1.4_(http://www.pingdom.com/)"
127.0.0.1 - - [25/Apr/2019:21:45:02 -0400] "GET /cron.php?cron_key=8sk-AAvbKT49goSq1EJwwgDA5Vnxas-xnpB1cM1HFM4 HTTP/1.1" 200 - "-" "Wget/1.14 (linux-gnu)"
45.32.195.186 - - [25/Apr/2019:21:46:55 -0400] "GET / HTTP/1.1" 200 5239 "-" "Mozilla/5.0 (Windows NT 6.2; WOW64) AppleWebKit/537.4 (KHTML, like Gecko) Chrome/98 Safari/537.4 (StatusCake)"
64.237.55.3 - - [25/Apr/2019:21:49:34 -0400] "GET / HTTP/1.1" 200 5239 "-" "Pingdom.com_bot_version_1.4_(http://www.pingdom.com/)"
127.0.0.1 - - [25/Apr/2019:21:50:01 -0400] "GET /cron.php?cron_key=8sk-AAvbKT49goSq1EJwwgDA5Vnxas-xnpB1cM1HFM4 HTTP/1.1" 200 - "-" "Wget/1.14 (linux-gnu)"
45.32.195.186 - - [25/Apr/2019:21:52:04 -0400] "GET / HTTP/1.1" 200 5239 "-" "Mozilla/5.0 (Windows NT 6.2; WOW64) AppleWebKit/537.4 (KHTML, like Gecko) Chrome/98 Safari/537.4 (StatusCake)"
169.51.2.22 - - [25/Apr/2019:21:54:34 -0400] "GET / HTTP/1.1" 200 5240 "-" "Pingdom.com_bot_version_1.4_(http://www.pingdom.com/)"
127.0.0.1 - - [25/Apr/2019:21:55:01 -0400] "GET /cron.php?cron_key=8sk-AAvbKT49goSq1EJwwgDA5Vnxas-xnpB1cM1HFM4 HTTP/1.1" 200 - "-" "Wget/1.14 (linux-gnu)"
47.244.18.107 - - [25/Apr/2019:21:55:54 -0400] "GET /_async/AsyncResponseService HTTP/1.1" 404 20934 "-" "Mozilla/5.0 (Macintosh; Intel Mac OS X 10_5_8) AppleWebKit/535.11 (KHTML, like Gecko) Chrome/17.0.963.66 Safari/535.11"
73.60.100.51 - - [25/Apr/2019:21:56:27 -0400] "GET /students/savannah-curran/exploring-circle-time-today HTTP/1.1" 403 22214 "https://connections.perkins.org/students/savannah-curran/exploring-circle-time-today" "Mozilla/5.0 (iPhone; CPU iPhone OS 12_2 like Mac OS X) AppleWebKit/605.1.15 (KHTML, like Gecko) Version/12.1 Mobile/15E148 Safari/604.1"
73.60.100.51 - - [25/Apr/2019:21:56:28 -0400] "GET /sites/all/modules/contrib/pagestyle%203/css/style_yellow_blue.css HTTP/1.1" 200 230 "https://connections.perkins.org/students/savannah-curran/exploring-circle-time-today" "Mozilla/5.0 (iPhone; CPU iPhone OS 12_2 like Mac OS X) AppleWebKit/605.1.15 (KHTML, like Gecko) Version/12.1 Mobile/15E148 Safari/604.1"
73.60.100.51 - - [25/Apr/2019:21:56:28 -0400] "GET /sites/all/modules/contrib/pagestyle%203/css/style_white_black.css HTTP/1.1" 200 231 "https://connections.perkins.org/students/savannah-curran/exploring-circle-time-today" "Mozilla/5.0 (iPhone; CPU iPhone OS 12_2 like Mac OS X) AppleWebKit/605.1.15 (KHTML, like Gecko) Version/12.1 Mobile/15E148 Safari/604.1"
73.60.100.51 - - [25/Apr/2019:21:56:28 -0400] "GET /sites/all/modules/contrib/pagestyle%203/css/style_standard.css HTTP/1.1" 200 165 "https://connections.perkins.org/students/savannah-curran/exploring-circle-time-today" "Mozilla/5.0 (iPhone; CPU iPhone OS 12_2 like Mac OS X) AppleWebKit/605.1.15 (KHTML, like Gecko) Version/12.1 Mobile/15E148 Safari/604.1"
73.60.100.51 - - [25/Apr/2019:21:56:28 -0400] "GET /sites/all/modules/contrib/pagestyle%203/css/style_black_white.css HTTP/1.1" 200 229 "https://connections.perkins.org/students/savannah-curran/exploring-circle-time-today" "Mozilla/5.0 (iPhone; CPU iPhone OS 12_2 like Mac OS X) AppleWebKit/605.1.15 (KHTML, like Gecko) Version/12.1 Mobile/15E148 Safari/604.1"
73.60.100.51 - - [25/Apr/2019:21:56:28 -0400] "GET /modules/system/system.base.css?pq84ff HTTP/1.1" 200 1883 "https://connections.perkins.org/students/savannah-curran/exploring-circle-time-today" "Mozilla/5.0 (iPhone; CPU iPhone OS 12_2 like Mac OS X) AppleWebKit/605.1.15 (KHTML, like Gecko) Version/12.1 Mobile/15E148 Safari/604.1"
73.60.100.51 - - [25/Apr/2019:21:56:28 -0400] "GET /sites/all/modules/contrib/ldap/ldap_user/ldap_user.css?pq84ff HTTP/1.1" 200 123 "https://connections.perkins.org/students/savannah-curran/exploring-circle-time-today" "Mozilla/5.0 (iPhone; CPU iPhone OS 12_2 like Mac OS X) AppleWebKit/605.1.15 (KHTML, like Gecko) Version/12.1 Mobile/15E148 Safari/604.1"
73.60.100.51 - - [25/Apr/2019:21:56:28 -0400] "GET /modules/comment/comment.css?pq84ff HTTP/1.1" 200 142 "https://connections.perkins.org/students/savannah-curran/exploring-circle-time-today" "Mozilla/5.0 (iPhone; CPU iPhone OS 12_2 like Mac OS X) AppleWebKit/605.1.15 (KHTML, like Gecko) Version/12.1 Mobile/15E148 Safari/604.1"
73.60.100.51 - - [25/Apr/2019:21:56:28 -0400] "GET /sites/all/modules/contrib/calendar/css/calendar_multiday.css?pq84ff HTTP/1.1" 200 3578 "https://connections.perkins.org/students/savannah-curran/exploring-circle-time-today" "Mozilla/5.0 (iPhone; CPU iPhone OS 12_2 like Mac OS X) AppleWebKit/605.1.15 (KHTML, like Gecko) Version/12.1 Mobile/15E148 Safari/604.1"
73.60.100.51 - - [25/Apr/2019:21:56:28 -0400] "GET /sites/all/modules/contrib/date/date_api/date.css?pq84ff HTTP/1.1" 200 1148 "https://connections.perkins.org/students/savannah-curran/exploring-circle-time-today" "Mozilla/5.0 (iPhone; CPU iPhone OS 12_2 like Mac OS X) AppleWebKit/605.1.15 (KHTML, like Gecko) Version/12.1 Mobile/15E148 Safari/604.1"
73.60.100.51 - - [25/Apr/2019:21:56:28 -0400] "GET /sites/all/modules/contrib/date/date_popup/themes/datepicker.1.7.css?pq84ff HTTP/1.1" 200 907 "https://connections.perkins.org/students/savannah-curran/exploring-circle-time-today" "Mozilla/5.0 (iPhone; CPU iPhone OS 12_2 like Mac OS X) AppleWebKit/605.1.15 (KHTML, like Gecko) Version/12.1 Mobile/15E148 Safari/604.1"
73.60.100.51 - - [25/Apr/2019:21:56:28 -0400] "GET /sites/all/modules/contrib/date/date_repeat_field/date_repeat_field.css?pq84ff HTTP/1.1" 200 547 "https://connections.perkins.org/students/savannah-curran/exploring-circle-time-today" "Mozilla/5.0 (iPhone; CPU iPhone OS 12_2 like Mac OS X) AppleWebKit/605.1.15 (KHTML, like Gecko) Version/12.1 Mobile/15E148 Safari/604.1"
73.60.100.51 - - [25/Apr/2019:21:56:28 -0400] "GET /modules/field/theme/field.css?pq84ff HTTP/1.1" 200 235 "https://connections.perkins.org/students/savannah-curran/exploring-circle-time-today" "Mozilla/5.0 (iPhone; CPU iPhone OS 12_2 like Mac OS X) AppleWebKit/605.1.15 (KHTML, like Gecko) Version/12.1 Mobile/15E148 Safari/604.1"
73.60.100.51 - - [25/Apr/2019:21:56:28 -0400] "GET /modules/node/node.css?pq84ff HTTP/1.1" 200 109 "https://connections.perkins.org/students/savannah-curran/exploring-circle-time-today" "Mozilla/5.0 (iPhone; CPU iPhone OS 12_2 like Mac OS X) AppleWebKit/605.1.15 (KHTML, like Gecko) Version/12.1 Mobile/15E148 Safari/604.1"
73.60.100.51 - - [25/Apr/2019:21:56:28 -0400] "GET /modules/search/search.css?pq84ff HTTP/1.1" 200 232 "https://connections.perkins.org/students/savannah-curran/exploring-circle-time-today" "Mozilla/5.0 (iPhone; CPU iPhone OS 12_2 like Mac OS X) AppleWebKit/605.1.15 (KHTML, like Gecko) Version/12.1 Mobile/15E148 Safari/604.1"
73.60.100.51 - - [25/Apr/2019:21:56:28 -0400] "GET /modules/user/user.css?pq84ff HTTP/1.1" 200 698 "https://connections.perkins.org/students/savannah-curran/exploring-circle-time-today" "Mozilla/5.0 (iPhone; CPU iPhone OS 12_2 like Mac OS X) AppleWebKit/605.1.15 (KHTML, like Gecko) Version/12.1 Mobile/15E148 Safari/604.1"
73.60.100.51 - - [25/Apr/2019:21:56:28 -0400] "GET /sites/all/modules/contrib/views/css/views.css?pq84ff HTTP/1.1" 200 309 "https://connections.perkins.org/students/savannah-curran/exploring-circle-time-today" "Mozilla/5.0 (iPhone; CPU iPhone OS 12_2 like Mac OS X) AppleWebKit/605.1.15 (KHTML, like Gecko) Version/12.1 Mobile/15E148 Safari/604.1"
73.60.100.51 - - [25/Apr/2019:21:56:28 -0400] "GET /sites/all/modules/contrib/ckeditor/css/ckeditor.css?pq84ff HTTP/1.1" 200 186 "https://connections.perkins.org/students/savannah-curran/exploring-circle-time-today" "Mozilla/5.0 (iPhone; CPU iPhone OS 12_2 like Mac OS X) AppleWebKit/605.1.15 (KHTML, like Gecko) Version/12.1 Mobile/15E148 Safari/604.1"
73.60.100.51 - - [25/Apr/2019:21:56:29 -0400] "GET /sites/all/modules/contrib/colorbox/styles/stockholmsyndrome/colorbox_style.css?pq84ff HTTP/1.1" 200 1406 "https://connections.perkins.org/students/savannah-curran/exploring-circle-time-today" "Mozilla/5.0 (iPhone; CPU iPhone OS 12_2 like Mac OS X) AppleWebKit/605.1.15 (KHTML, like Gecko) Version/12.1 Mobile/15E148 Safari/604.1"
73.60.100.51 - - [25/Apr/2019:21:56:29 -0400] "GET /sites/all/modules/contrib/ctools/css/ctools.css?pq84ff HTTP/1.1" 200 252 "https://connections.perkins.org/students/savannah-curran/exploring-circle-time-today" "Mozilla/5.0 (iPhone; CPU iPhone OS 12_2 like Mac OS X) AppleWebKit/605.1.15 (KHTML, like Gecko) Version/12.1 Mobile/15E148 Safari/604.1"
73.60.100.51 - - [25/Apr/2019:21:56:29 -0400] "GET /sites/all/modules/contrib/ldap/ldap_servers/ldap_servers.admin.css?pq84ff HTTP/1.1" 200 385 "https://connections.perkins.org/students/savannah-curran/exploring-circle-time-today" "Mozilla/5.0 (iPhone; CPU iPhone OS 12_2 like Mac OS X) AppleWebKit/605.1.15 (KHTML, like Gecko) Version/12.1 Mobile/15E148 Safari/604.1"
73.60.100.51 - - [25/Apr/2019:21:56:29 -0400] "GET /sites/all/modules/contrib/pagestyle%203/pagestyle.css?pq84ff HTTP/1.1" 200 2558 "https://connections.perkins.org/students/savannah-curran/exploring-circle-time-today" "Mozilla/5.0 (iPhone; CPU iPhone OS 12_2 like Mac OS X) AppleWebKit/605.1.15 (KHTML, like Gecko) Version/12.1 Mobile/15E148 Safari/604.1"
73.60.100.51 - - [25/Apr/2019:21:56:29 -0400] "GET /sites/all/modules/contrib/panels/css/panels.css?pq84ff HTTP/1.1" 200 329 "https://connections.perkins.org/students/savannah-curran/exploring-circle-time-today" "Mozilla/5.0 (iPhone; CPU iPhone OS 12_2 like Mac OS X) AppleWebKit/605.1.15 (KHTML, like Gecko) Version/12.1 Mobile/15E148 Safari/604.1"
73.60.100.51 - - [25/Apr/2019:21:56:29 -0400] "GET /sites/all/modules/contrib/popup/popup.css?pq84ff HTTP/1.1" 200 791 "https://connections.perkins.org/students/savannah-curran/exploring-circle-time-today" "Mozilla/5.0 (iPhone; CPU iPhone OS 12_2 like Mac OS X) AppleWebKit/605.1.15 (KHTML, like Gecko) Version/12.1 Mobile/15E148 Safari/604.1"
73.60.100.51 - - [25/Apr/2019:21:56:29 -0400] "GET /sites/all/modules/contrib/textsize/textsize.css?pq84ff HTTP/1.1" 200 2056 "https://connections.perkins.org/students/savannah-curran/exploring-circle-time-today" "Mozilla/5.0 (iPhone; CPU iPhone OS 12_2 like Mac OS X) AppleWebKit/605.1.15 (KHTML, like Gecko) Version/12.1 Mobile/15E148 Safari/604.1"
73.60.100.51 - - [25/Apr/2019:21:56:29 -0400] "GET /sites/all/modules/contrib/panels/plugins/layouts/flexible/flexible.css?pq84ff HTTP/1.1" 200 59 "https://connections.perkins.org/students/savannah-curran/exploring-circle-time-today" "Mozilla/5.0 (iPhone; CPU iPhone OS 12_2 like Mac OS X) AppleWebKit/605.1.15 (KHTML, like Gecko) Version/12.1 Mobile/15E148 Safari/604.1"
73.60.100.51 - - [25/Apr/2019:21:56:29 -0400] "GET /sites/default/files/ctools/css/b5404dc87ecd6d117da9c88dbb63a372_69.css?pq84ff HTTP/1.1" 200 239 "https://connections.perkins.org/students/savannah-curran/exploring-circle-time-today" "Mozilla/5.0 (iPhone; CPU iPhone OS 12_2 like Mac OS X) AppleWebKit/605.1.15 (KHTML, like Gecko) Version/12.1 Mobile/15E148 Safari/604.1"
73.60.100.51 - - [25/Apr/2019:21:56:29 -0400] "GET /sites/all/modules/contrib/panels/plugins/layouts/twocol_stacked/twocol_stacked.css?pq84ff HTTP/1.1" 200 240 "https://connections.perkins.org/students/savannah-curran/exploring-circle-time-today" "Mozilla/5.0 (iPhone; CPU iPhone OS 12_2 like Mac OS X) AppleWebKit/605.1.15 (KHTML, like Gecko) Version/12.1 Mobile/15E148 Safari/604.1"
73.60.100.51 - - [25/Apr/2019:21:56:29 -0400] "GET /sites/all/themes/custom/perkins/css/styles.css?pq84ff HTTP/1.1" 200 14154 "https://connections.perkins.org/students/savannah-curran/exploring-circle-time-today" "Mozilla/5.0 (iPhone; CPU iPhone OS 12_2 like Mac OS X) AppleWebKit/605.1.15 (KHTML, like Gecko) Version/12.1 Mobile/15E148 Safari/604.1"
73.60.100.51 - - [25/Apr/2019:21:56:29 -0400] "GET /sites/all/themes/custom/perkins/perkins_style/stylesheets/perkins.css?pq84ff HTTP/1.1" 200 18211 "https://connections.perkins.org/students/savannah-curran/exploring-circle-time-today" "Mozilla/5.0 (iPhone; CPU iPhone OS 12_2 like Mac OS X) AppleWebKit/605.1.15 (KHTML, like Gecko) Version/12.1 Mobile/15E148 Safari/604.1"
73.60.100.51 - - [25/Apr/2019:21:56:29 -0400] "GET /sites/all/themes/custom/perkins/perkins_style/stylesheets/new_connections.css?pq84ff HTTP/1.1" 200 2378 "https://connections.perkins.org/students/savannah-curran/exploring-circle-time-today" "Mozilla/5.0 (iPhone; CPU iPhone OS 12_2 like Mac OS X) AppleWebKit/605.1.15 (KHTML, like Gecko) Version/12.1 Mobile/15E148 Safari/604.1"
73.60.100.51 - - [25/Apr/2019:21:56:29 -0400] "GET /sites/all/themes/custom/perkins/perkins_style/stylesheets/perkins_internal.css?pq84ff HTTP/1.1" 200 14656 "https://connections.perkins.org/students/savannah-curran/exploring-circle-time-today" "Mozilla/5.0 (iPhone; CPU iPhone OS 12_2 like Mac OS X) AppleWebKit/605.1.15 (KHTML, like Gecko) Version/12.1 Mobile/15E148 Safari/604.1"
73.60.100.51 - - [25/Apr/2019:21:56:29 -0400] "GET /sites/all/themes/custom/perkins/css/perkins-secondary.css?pq84ff HTTP/1.1" 200 56 "https://connections.perkins.org/students/savannah-curran/exploring-circle-time-today" "Mozilla/5.0 (iPhone; CPU iPhone OS 12_2 like Mac OS X) AppleWebKit/605.1.15 (KHTML, like Gecko) Version/12.1 Mobile/15E148 Safari/604.1"
73.60.100.51 - - [25/Apr/2019:21:56:29 -0400] "GET /sites/all/themes/custom/perkins/css/fonts/font-awesome-4.0.3/css/font-awesome.min.css?pq84ff HTTP/1.1" 200 4011 "https://connections.perkins.org/students/savannah-curran/exploring-circle-time-today" "Mozilla/5.0 (iPhone; CPU iPhone OS 12_2 like Mac OS X) AppleWebKit/605.1.15 (KHTML, like Gecko) Version/12.1 Mobile/15E148 Safari/604.1"
73.60.100.51 - - [25/Apr/2019:21:56:29 -0400] "GET /sites/all/themes/custom/perkins/jcarousel-default.css?pq84ff HTTP/1.1" 200 411 "https://connections.perkins.org/students/savannah-curran/exploring-circle-time-today" "Mozilla/5.0 (iPhone; CPU iPhone OS 12_2 like Mac OS X) AppleWebKit/605.1.15 (KHTML, like Gecko) Version/12.1 Mobile/15E148 Safari/604.1"
73.60.100.51 - - [25/Apr/2019:21:56:29 -0400] "GET /sites/default/files/css_injector/css_injector_5.css?pq84ff HTTP/1.1" 200 151 "https://connections.perkins.org/students/savannah-curran/exploring-circle-time-today" "Mozilla/5.0 (iPhone; CPU iPhone OS 12_2 like Mac OS X) AppleWebKit/605.1.15 (KHTML, like Gecko) Version/12.1 Mobile/15E148 Safari/604.1"
73.60.100.51 - - [25/Apr/2019:21:56:29 -0400] "GET /sites/default/files/css_injector/css_injector_7.css?pq84ff HTTP/1.1" 200 141 "https://connections.perkins.org/students/savannah-curran/exploring-circle-time-today" "Mozilla/5.0 (iPhone; CPU iPhone OS 12_2 like Mac OS X) AppleWebKit/605.1.15 (KHTML, like Gecko) Version/12.1 Mobile/15E148 Safari/604.1"
73.60.100.51 - - [25/Apr/2019:21:56:29 -0400] "GET /sites/default/files/css_injector/css_injector_8.css?pq84ff HTTP/1.1" 200 148 "https://connections.perkins.org/students/savannah-curran/exploring-circle-time-today" "Mozilla/5.0 (iPhone; CPU iPhone OS 12_2 like Mac OS X) AppleWebKit/605.1.15 (KHTML, like Gecko) Version/12.1 Mobile/15E148 Safari/604.1"
73.60.100.51 - - [25/Apr/2019:21:56:29 -0400] "GET /sites/default/files/css_injector/css_injector_11.css?pq84ff HTTP/1.1" 200 226 "https://connections.perkins.org/students/savannah-curran/exploring-circle-time-today" "Mozilla/5.0 (iPhone; CPU iPhone OS 12_2 like Mac OS X) AppleWebKit/605.1.15 (KHTML, like Gecko) Version/12.1 Mobile/15E148 Safari/604.1"
73.60.100.51 - - [25/Apr/2019:21:56:29 -0400] "GET /sites/default/files/css_injector/css_injector_12.css?pq84ff HTTP/1.1" 200 221 "https://connections.perkins.org/students/savannah-curran/exploring-circle-time-today" "Mozilla/5.0 (iPhone; CPU iPhone OS 12_2 like Mac OS X) AppleWebKit/605.1.15 (KHTML, like Gecko) Version/12.1 Mobile/15E148 Safari/604.1"
73.60.100.51 - - [25/Apr/2019:21:56:29 -0400] "GET /sites/default/files/css_injector/css_injector_13.css?pq84ff HTTP/1.1" 200 287 "https://connections.perkins.org/students/savannah-curran/exploring-circle-time-today" "Mozilla/5.0 (iPhone; CPU iPhone OS 12_2 like Mac OS X) AppleWebKit/605.1.15 (KHTML, like Gecko) Version/12.1 Mobile/15E148 Safari/604.1"
73.60.100.51 - - [25/Apr/2019:21:56:30 -0400] "GET /sites/default/files/css_injector/css_injector_22.css?pq84ff HTTP/1.1" 200 1157 "https://connections.perkins.org/students/savannah-curran/exploring-circle-time-today" "Mozilla/5.0 (iPhone; CPU iPhone OS 12_2 like Mac OS X) AppleWebKit/605.1.15 (KHTML, like Gecko) Version/12.1 Mobile/15E148 Safari/604.1"
73.60.100.51 - - [25/Apr/2019:21:56:30 -0400] "GET /sites/default/files/css_injector/css_injector_24.css?pq84ff HTTP/1.1" 200 528 "https://connections.perkins.org/students/savannah-curran/exploring-circle-time-today" "Mozilla/5.0 (iPhone; CPU iPhone OS 12_2 like Mac OS X) AppleWebKit/605.1.15 (KHTML, like Gecko) Version/12.1 Mobile/15E148 Safari/604.1"
73.60.100.51 - - [25/Apr/2019:21:56:30 -0400] "GET /sites/default/files/css_injector/css_injector_25.css?pq84ff HTTP/1.1" 200 1644 "https://connections.perkins.org/students/savannah-curran/exploring-circle-time-today" "Mozilla/5.0 (iPhone; CPU iPhone OS 12_2 like Mac OS X) AppleWebKit/605.1.15 (KHTML, like Gecko) Version/12.1 Mobile/15E148 Safari/604.1"
73.60.100.51 - - [25/Apr/2019:21:56:30 -0400] "GET /sites/default/files/css_injector/css_injector_26.css?pq84ff HTTP/1.1" 200 1623 "https://connections.perkins.org/students/savannah-curran/exploring-circle-time-today" "Mozilla/5.0 (iPhone; CPU iPhone OS 12_2 like Mac OS X) AppleWebKit/605.1.15 (KHTML, like Gecko) Version/12.1 Mobile/15E148 Safari/604.1"
73.60.100.51 - - [25/Apr/2019:21:56:30 -0400] "GET /sites/default/files/css_injector/css_injector_27.css?pq84ff HTTP/1.1" 200 147 "https://connections.perkins.org/students/savannah-curran/exploring-circle-time-today" "Mozilla/5.0 (iPhone; CPU iPhone OS 12_2 like Mac OS X) AppleWebKit/605.1.15 (KHTML, like Gecko) Version/12.1 Mobile/15E148 Safari/604.1"
73.60.100.51 - - [25/Apr/2019:21:56:30 -0400] "GET /sites/default/files/css_injector/css_injector_28.css?pq84ff HTTP/1.1" 200 650 "https://connections.perkins.org/students/savannah-curran/exploring-circle-time-today" "Mozilla/5.0 (iPhone; CPU iPhone OS 12_2 like Mac OS X) AppleWebKit/605.1.15 (KHTML, like Gecko) Version/12.1 Mobile/15E148 Safari/604.1"
73.60.100.51 - - [25/Apr/2019:21:56:30 -0400] "GET /misc/jquery-extend-3.4.0.js?v=1.8.3 HTTP/1.1" 200 3415 "https://connections.perkins.org/students/savannah-curran/exploring-circle-time-today" "Mozilla/5.0 (iPhone; CPU iPhone OS 12_2 like Mac OS X) AppleWebKit/605.1.15 (KHTML, like Gecko) Version/12.1 Mobile/15E148 Safari/604.1"
73.60.100.51 - - [25/Apr/2019:21:56:30 -0400] "GET /sites/all/modules/contrib/jquery_update/replace/jquery/1.8/jquery.min.js?v=1.8.3 HTTP/1.1" 200 93636 "https://connections.perkins.org/students/savannah-curran/exploring-circle-time-today" "Mozilla/5.0 (iPhone; CPU iPhone OS 12_2 like Mac OS X) AppleWebKit/605.1.15 (KHTML, like Gecko) Version/12.1 Mobile/15E148 Safari/604.1"
73.60.100.51 - - [25/Apr/2019:21:56:30 -0400] "GET /misc/jquery.once.js?v=1.2 HTTP/1.1" 200 2974 "https://connections.perkins.org/students/savannah-curran/exploring-circle-time-today" "Mozilla/5.0 (iPhone; CPU iPhone OS 12_2 like Mac OS X) AppleWebKit/605.1.15 (KHTML, like Gecko) Version/12.1 Mobile/15E148 Safari/604.1"
73.60.100.51 - - [25/Apr/2019:21:56:30 -0400] "GET /misc/drupal.js?pq84ff HTTP/1.1" 200 20219 "https://connections.perkins.org/students/savannah-curran/exploring-circle-time-today" "Mozilla/5.0 (iPhone; CPU iPhone OS 12_2 like Mac OS X) AppleWebKit/605.1.15 (KHTML, like Gecko) Version/12.1 Mobile/15E148 Safari/604.1"
73.60.100.51 - - [25/Apr/2019:21:56:30 -0400] "GET /sites/all/modules/contrib/colorbox/js/colorbox.js?pq84ff HTTP/1.1" 200 634 "https://connections.perkins.org/students/savannah-curran/exploring-circle-time-today" "Mozilla/5.0 (iPhone; CPU iPhone OS 12_2 like Mac OS X) AppleWebKit/605.1.15 (KHTML, like Gecko) Version/12.1 Mobile/15E148 Safari/604.1"
73.60.100.51 - - [25/Apr/2019:21:56:30 -0400] "GET /sites/all/libraries/colorbox/jquery.colorbox-min.js?pq84ff HTTP/1.1" 200 11095 "https://connections.perkins.org/students/savannah-curran/exploring-circle-time-today" "Mozilla/5.0 (iPhone; CPU iPhone OS 12_2 like Mac OS X) AppleWebKit/605.1.15 (KHTML, like Gecko) Version/12.1 Mobile/15E148 Safari/604.1"
73.60.100.51 - - [25/Apr/2019:21:56:30 -0400] "GET /sites/all/modules/contrib/colorbox/styles/stockholmsyndrome/colorbox_style.js?pq84ff HTTP/1.1" 200 649 "https://connections.perkins.org/students/savannah-curran/exploring-circle-time-today" "Mozilla/5.0 (iPhone; CPU iPhone OS 12_2 like Mac OS X) AppleWebKit/605.1.15 (KHTML, like Gecko) Version/12.1 Mobile/15E148 Safari/604.1"
73.60.100.51 - - [25/Apr/2019:21:56:30 -0400] "GET /sites/all/modules/contrib/colorbox/js/colorbox_load.js?pq84ff HTTP/1.1" 200 1144 "https://connections.perkins.org/students/savannah-curran/exploring-circle-time-today" "Mozilla/5.0 (iPhone; CPU iPhone OS 12_2 like Mac OS X) AppleWebKit/605.1.15 (KHTML, like Gecko) Version/12.1 Mobile/15E148 Safari/604.1"
73.60.100.51 - - [25/Apr/2019:21:56:30 -0400] "GET /sites/all/modules/contrib/colorbox/js/colorbox_inline.js?pq84ff HTTP/1.1" 200 1826 "https://connections.perkins.org/students/savannah-curran/exploring-circle-time-today" "Mozilla/5.0 (iPhone; CPU iPhone OS 12_2 like Mac OS X) AppleWebKit/605.1.15 (KHTML, like Gecko) Version/12.1 Mobile/15E148 Safari/604.1"
73.60.100.51 - - [25/Apr/2019:21:56:30 -0400] "GET /sites/all/modules/contrib/popup/popup.js?pq84ff HTTP/1.1" 200 10876 "https://connections.perkins.org/students/savannah-curran/exploring-circle-time-today" "Mozilla/5.0 (iPhone; CPU iPhone OS 12_2 like Mac OS X) AppleWebKit/605.1.15 (KHTML, like Gecko) Version/12.1 Mobile/15E148 Safari/604.1"
73.60.100.51 - - [25/Apr/2019:21:56:30 -0400] "GET /sites/all/modules/contrib/textsize/jquery.textsize.js?pq84ff HTTP/1.1" 200 11137 "https://connections.perkins.org/students/savannah-curran/exploring-circle-time-today" "Mozilla/5.0 (iPhone; CPU iPhone OS 12_2 like Mac OS X) AppleWebKit/605.1.15 (KHTML, like Gecko) Version/12.1 Mobile/15E148 Safari/604.1"
73.60.100.51 - - [25/Apr/2019:21:56:30 -0400] "GET /misc/jquery.cookie.js?pq84ff HTTP/1.1" 200 961 "https://connections.perkins.org/students/savannah-curran/exploring-circle-time-today" "Mozilla/5.0 (iPhone; CPU iPhone OS 12_2 like Mac OS X) AppleWebKit/605.1.15 (KHTML, like Gecko) Version/12.1 Mobile/15E148 Safari/604.1"
73.60.100.51 - - [25/Apr/2019:21:56:30 -0400] "GET /sites/all/themes/custom/perkins/js/perkins.js?pq84ff HTTP/1.1" 200 27950 "https://connections.perkins.org/students/savannah-curran/exploring-circle-time-today" "Mozilla/5.0 (iPhone; CPU iPhone OS 12_2 like Mac OS X) AppleWebKit/605.1.15 (KHTML, like Gecko) Version/12.1 Mobile/15E148 Safari/604.1"
73.60.100.51 - - [25/Apr/2019:21:56:30 -0400] "GET /sites/default/files/PSB_Business_Connections_Grey.png HTTP/1.1" 200 39453 "https://connections.perkins.org/students/savannah-curran/exploring-circle-time-today" "Mozilla/5.0 (iPhone; CPU iPhone OS 12_2 like Mac OS X) AppleWebKit/605.1.15 (KHTML, like Gecko) Version/12.1 Mobile/15E148 Safari/604.1"
73.60.100.51 - - [25/Apr/2019:21:56:30 -0400] "GET /system/files/u11657/Connections_Logo.jpg HTTP/1.1" 200 24281 "https://connections.perkins.org/students/savannah-curran/exploring-circle-time-today" "Mozilla/5.0 (iPhone; CPU iPhone OS 12_2 like Mac OS X) AppleWebKit/605.1.15 (KHTML, like Gecko) Version/12.1 Mobile/15E148 Safari/604.1"
73.60.100.51 - - [25/Apr/2019:21:56:32 -0400] "GET /sites/default/files/perkins-connections-favicon.png HTTP/1.1" 200 21054 "https://connections.perkins.org/students/savannah-curran/exploring-circle-time-today" "Mozilla/5.0 (iPhone; CPU iPhone OS 12_2 like Mac OS X) AppleWebKit/605.1.15 (KHTML, like Gecko) Version/12.1 Mobile/15E148 Safari/604.1"
45.32.139.194 - - [25/Apr/2019:21:57:12 -0400] "GET / HTTP/1.1" 200 5243 "-" "Mozilla/5.0 (Windows NT 6.2; WOW64) AppleWebKit/537.4 (KHTML, like Gecko) Chrome/98 Safari/537.4 (StatusCake)"
209.126.120.29 - - [25/Apr/2019:21:59:34 -0400] "GET / HTTP/1.1" 200 5239 "-" "Pingdom.com_bot_version_1.4_(http://www.pingdom.com/)"